ROSやActionLibを組み合わせることで，様々な動きを実現できる．ロボットを動かせるだけの能力を身につけよう．

ROS
1，オープンソースである
2，WillowGarageのサポートが特殊
・特徴
分散オブジェクトである．3Sでやったのは関数の呼び出しを分散で行うってもの．
多いのが，非同期通信型のシステム．あるシステムはロボットを動かし，あるシステムは計測を行う．送る側と受け取る側で違うことする（分散システム）のが，ロボットの性質とマッチしていた．

・できること
歩いたその先にどうするのか．logを取ること．
小さいプログラムをパイプをつなげて組み合わせてできるのが，分散オブジェクトだったり，複雑なプログラム．これが作れる
実際には立ち上げるファイルをまとめたものを実行することでプログラムを動かす．
rosはroslaunchで全部立ち上げる．roscoreも立ち上げてくれるため，自分ではroscoreを立ち上げない方が良い．

・使い方
名前解決が必要なものと，必要でないもの．ROSは名前解決が必要．ROSCOREとはこのこと．
shellの変数をROS用にセットアップする．
roscd, rosls, roscatなど，ros+Unixコマンドとすれば，rosの中でUnixコマンドと同様のことができる．
roscoreを多重起動すると干渉してうまく動かないことがある．terminalで立ち上げたときに赤文字が出たら多重起動している．

・備考
演習でタートルボットを動かすのにもROSを用いる

・参考
ros.orgのサイトにチュートリアルがあるため，見てみる．

Actionlib
まずクライアント側のプログラムを理解してみる


宿題
Actionlibでプログラムを送り，ロボットを動かすこと
rostopicなどを用い，プログラムを動かす中で何が起きてるか見ることで，自分ではどうすれば同じようなものが作れるかを理解する．サンプルプログラムから変えたほうが良いものを変えていって，動くようにする．
速度を与えるもの(一秒に10回とか)．ゴールを与えるもの(sleepして待つ)．トピック，型が違ってくる
クオータニオンのｗには1を指定する
宿題1,2,3，特に1,2について，自分でプログラムを書けるようにするといい．
サポート：73Aまで



注意

$ roscore
として
ROS を使うのに必要な基本プログラムを立ち上げる．roscore と打ち込んだ時に
Command 'roscore' not found, but can be installed with:
sudo apt install python-roslaunch
と表示される場合は、
sudo apt install python-roslaunch をするのではなく，
$ source /opt/ros/melodic/setup.bash 
として ROS を利用するのに必要な重要な環境変数を設定してから roscore を立ち上げる．☆この手続きはターミナルを立ち上げるたびに実行する必要がある．

それでもroscore: command not found
が表示される場合は
$ sudo apt-get update
$ sudo apt-get install ros-melodic-desktop-full 
としてインストールする．重要な環境変数には以下がある．
ROS_PACKAGE_PATH : ROS のパッケージを検索するパスを設定する
ROS_MASTER_URI : ROS のマスターを指定する．デフォルトは http://localhost:11311/ ．localhost の代わりに他の PC の IP アドレスにすると，その PC をマスターにする．
ROS_IP/ROS_HOSTNAME : ROS ノードのネットワークアドレスを指定する．外部の PC と接続する場合はその PC から自分の PC を一意に指定できるようホスト名か IP を指定する．

ターミナルを立ち上げるたびに source /opt/ros/melodic/setup.bash を実行するのが面倒な場合
$ echo "source /opt/ros/melodic/setup.bash" >> ~/.bashrc
$ source ~/.bashrc
として環境設定がシェル起動時に反映されるようにする．>> を> とすると必要な情報が全て消えてしまうので要注意．これらが意味するところは，man bash の中の，Redirecting Output とAppending Redirected Output の項に説明がある．